   Ôû▓ Next.js 15.5.14
   - Environments: .env.local
   - Experiments (use with caution):
     ┬À optimizePackageImports

   Creating an optimized production build ...
 Ô£ô Compiled successfully in 20.6s
   Linting and checking validity of types ...
node.exe : Failed to 
compile.
No linha:1 caractere:1
+ & "C:\Program 
Files\nodejs/node.exe" 
"C:\Program 
Files\nodejs/node_mo ...
+ ~~~~~~~~~~~~~~~~~~~~~~~~
~~~~~~~~~~~~~~~~~~~~~~~~~~
~~~~~~~~~~~~~~~~~~~
    + CategoryInfo        
      : NotSpecified: (F  
  ailed to compile.:Str   
 ing) [], RemoteExcept    
ion
    + FullyQualifiedError 
   Id : NativeCommandErr  
  or
 

./src/app/dashboard/layout
.tsx:242:33
Type error: Property 
'toUpperCase' does not 
exist on type 'never'.

[0m [90m 240 |[39m     
                   
userRole [33m===[39m 
[32m'teacher'[39m 
[33m?[39m 
[32m'Professor'[39m 
[33m:[39m 
 [90m 241 |[39m         
               userRole 
[33m===[39m 
[32m'staff'[39m 
[33m?[39m [32m'Equipe 
T├®cnica'[39m 
[33m:[39m 
[31m[1m>[22m[39m[90m 
242 |[39m                
        userRole[33m.[39
mtoUpperCase()))}
 [90m     |[39m         
                        
[31m[1m^[22m[39m
 [90m 243 |[39m         
        [33m<[39m[33m/
[39m[33mspan[39m[33m>[
39m
 [90m 244 |[39m         
      [33m<[39m[33m/[3
9m[33mdiv[39m[33m>[39m
 [90m 245 |[39m         
      [33m<[39m[33mAvat
ar[39m className[33m=[3
9m[32m"h-9 w-9 md:h-10 
md:w-10 border-2 
border-primary/5 
shadow-xl 
group-hover:border-accent 
transition-all"[39m[33m>
[39m[0m
Next.js build worker 
exited with code: 1 and 
signal: null
